// Jest Snapshot v1, https://goo.gl/fbAQLP

exports[`className: set to arbitraty value 1`] = `null`;

exports[`dateFormat set to false 1`] = `null`;

exports[`dateFormat set to true 1`] = `null`;

exports[`defaultValue: set to arbitrary value 1`] = `null`;

exports[`everything default: renders correctly 1`] = `null`;

exports[`input input: set to false 1`] = `null`;

exports[`input input: set to true 1`] = `null`;

exports[`inputProps with className specified 1`] = `null`;

exports[`inputProps with disabled specified 1`] = `null`;

exports[`inputProps with name specified 1`] = `null`;

exports[`inputProps with placeholder specified 1`] = `null`;

exports[`inputProps with required specified 1`] = `null`;

exports[`isValidDate: only valid if after yesterday 1`] = `null`;

exports[`open set to false 1`] = `null`;

exports[`open set to true 1`] = `null`;

exports[`renderDay: specified 1`] = `null`;

exports[`renderMonth: specified 1`] = `null`;

exports[`renderYear: specified 1`] = `null`;

exports[`timeFormat set to false 1`] = `null`;

exports[`timeFormat set to true 1`] = `null`;

exports[`value: set to arbitrary value 1`] = `null`;

exports[`viewMode set to days 1`] = `null`;

exports[`viewMode set to months 1`] = `null`;

exports[`viewMode set to time 1`] = `null`;

exports[`viewMode set to years 1`] = `null`;
